// Jest Snapshot v1, https://goo.gl/fbAQLP

exports[`network stack 1`] = `
Object {
  "Parameters": Object {
    "BootstrapVersion": Object {
      "Default": "/cdk-bootstrap/hnb659fds/version",
      "Description": "Version of the CDK Bootstrap resources in this environment, automatically retrieved from SSM Parameter Store. [cdk:skip]",
      "Type": "AWS::SSM::Parameter::Value<String>",
    },
  },
  "Resources": Object {
    "vpcA2121C38": Object {
      "Properties": Object {
        "CidrBlock": "10.0.0.0/16",
        "EnableDnsHostnames": true,
        "EnableDnsSupport": true,
        "InstanceTenancy": "default",
        "Tags": Array [
          Object {
            "Key": "Name",
            "Value": "VPC A",
          },
        ],
      },
      "Type": "AWS::EC2::VPC",
    },
    "vpcIGWE57CBDCA": Object {
      "Properties": Object {
        "Tags": Array [
          Object {
            "Key": "Name",
            "Value": "VPC A",
          },
        ],
      },
      "Type": "AWS::EC2::InternetGateway",
    },
    "vpcVPCAAZ1Subnet1DefaultRoute58DB7E06": Object {
      "DependsOn": Array [
        "vpcVPCGW7984C166",
      ],
      "Properties": Object {
        "DestinationCidrBlock": "0.0.0.0/0",
        "GatewayId": Object {
          "Ref": "vpcIGWE57CBDCA",
        },
        "RouteTableId": Object {
          "Ref": "vpcVPCAAZ1Subnet1RouteTableC9B641A0",
        },
      },
      "Type": "AWS::EC2::Route",
    },
    "vpcVPCAAZ1Subnet1RouteTableAssociationFD5BF6C2": Object {
      "Properties": Object {
        "RouteTableId": Object {
          "Ref": "vpcVPCAAZ1Subnet1RouteTableC9B641A0",
        },
        "SubnetId": Object {
          "Ref": "vpcVPCAAZ1Subnet1Subnet4C31D41E",
        },
      },
      "Type": "AWS::EC2::SubnetRouteTableAssociation",
    },
    "vpcVPCAAZ1Subnet1RouteTableC9B641A0": Object {
      "Properties": Object {
        "Tags": Array [
          Object {
            "Key": "Name",
            "Value": "network/vpc/VPC A - AZ1Subnet1",
          },
        ],
        "VpcId": Object {
          "Ref": "vpcA2121C38",
        },
      },
      "Type": "AWS::EC2::RouteTable",
    },
    "vpcVPCAAZ1Subnet1Subnet4C31D41E": Object {
      "Properties": Object {
        "AvailabilityZone": "dummy1a",
        "CidrBlock": "10.0.0.0/24",
        "MapPublicIpOnLaunch": true,
        "Tags": Array [
          Object {
            "Key": "aws-cdk:subnet-name",
            "Value": "VPC A - AZ1",
          },
          Object {
            "Key": "aws-cdk:subnet-type",
            "Value": "Public",
          },
          Object {
            "Key": "Name",
            "Value": "network/vpc/VPC A - AZ1Subnet1",
          },
        ],
        "VpcId": Object {
          "Ref": "vpcA2121C38",
        },
      },
      "Type": "AWS::EC2::Subnet",
    },
    "vpcVPCAAZ1Subnet2DefaultRouteE60746E3": Object {
      "DependsOn": Array [
        "vpcVPCGW7984C166",
      ],
      "Properties": Object {
        "DestinationCidrBlock": "0.0.0.0/0",
        "GatewayId": Object {
          "Ref": "vpcIGWE57CBDCA",
        },
        "RouteTableId": Object {
          "Ref": "vpcVPCAAZ1Subnet2RouteTable9A35EE97",
        },
      },
      "Type": "AWS::EC2::Route",
    },
    "vpcVPCAAZ1Subnet2RouteTable9A35EE97": Object {
      "Properties": Object {
        "Tags": Array [
          Object {
            "Key": "Name",
            "Value": "network/vpc/VPC A - AZ1Subnet2",
          },
        ],
        "VpcId": Object {
          "Ref": "vpcA2121C38",
        },
      },
      "Type": "AWS::EC2::RouteTable",
    },
    "vpcVPCAAZ1Subnet2RouteTableAssociationEE052844": Object {
      "Properties": Object {
        "RouteTableId": Object {
          "Ref": "vpcVPCAAZ1Subnet2RouteTable9A35EE97",
        },
        "SubnetId": Object {
          "Ref": "vpcVPCAAZ1Subnet2Subnet7F2EBDBE",
        },
      },
      "Type": "AWS::EC2::SubnetRouteTableAssociation",
    },
    "vpcVPCAAZ1Subnet2Subnet7F2EBDBE": Object {
      "Properties": Object {
        "AvailabilityZone": "dummy1b",
        "CidrBlock": "10.0.1.0/24",
        "MapPublicIpOnLaunch": true,
        "Tags": Array [
          Object {
            "Key": "aws-cdk:subnet-name",
            "Value": "VPC A - AZ1",
          },
          Object {
            "Key": "aws-cdk:subnet-type",
            "Value": "Public",
          },
          Object {
            "Key": "Name",
            "Value": "network/vpc/VPC A - AZ1Subnet2",
          },
        ],
        "VpcId": Object {
          "Ref": "vpcA2121C38",
        },
      },
      "Type": "AWS::EC2::Subnet",
    },
    "vpcVPCAAZ1Subnet3DefaultRoute1AC8C662": Object {
      "DependsOn": Array [
        "vpcVPCGW7984C166",
      ],
      "Properties": Object {
        "DestinationCidrBlock": "0.0.0.0/0",
        "GatewayId": Object {
          "Ref": "vpcIGWE57CBDCA",
        },
        "RouteTableId": Object {
          "Ref": "vpcVPCAAZ1Subnet3RouteTable42D88D29",
        },
      },
      "Type": "AWS::EC2::Route",
    },
    "vpcVPCAAZ1Subnet3RouteTable42D88D29": Object {
      "Properties": Object {
        "Tags": Array [
          Object {
            "Key": "Name",
            "Value": "network/vpc/VPC A - AZ1Subnet3",
          },
        ],
        "VpcId": Object {
          "Ref": "vpcA2121C38",
        },
      },
      "Type": "AWS::EC2::RouteTable",
    },
    "vpcVPCAAZ1Subnet3RouteTableAssociation2B01E091": Object {
      "Properties": Object {
        "RouteTableId": Object {
          "Ref": "vpcVPCAAZ1Subnet3RouteTable42D88D29",
        },
        "SubnetId": Object {
          "Ref": "vpcVPCAAZ1Subnet3Subnet33613895",
        },
      },
      "Type": "AWS::EC2::SubnetRouteTableAssociation",
    },
    "vpcVPCAAZ1Subnet3Subnet33613895": Object {
      "Properties": Object {
        "AvailabilityZone": "dummy1c",
        "CidrBlock": "10.0.2.0/24",
        "MapPublicIpOnLaunch": true,
        "Tags": Array [
          Object {
            "Key": "aws-cdk:subnet-name",
            "Value": "VPC A - AZ1",
          },
          Object {
            "Key": "aws-cdk:subnet-type",
            "Value": "Public",
          },
          Object {
            "Key": "Name",
            "Value": "network/vpc/VPC A - AZ1Subnet3",
          },
        ],
        "VpcId": Object {
          "Ref": "vpcA2121C38",
        },
      },
      "Type": "AWS::EC2::Subnet",
    },
    "vpcVPCGW7984C166": Object {
      "Properties": Object {
        "InternetGatewayId": Object {
          "Ref": "vpcIGWE57CBDCA",
        },
        "VpcId": Object {
          "Ref": "vpcA2121C38",
        },
      },
      "Type": "AWS::EC2::VPCGatewayAttachment",
    },
  },
  "Rules": Object {
    "CheckBootstrapVersion": Object {
      "Assertions": Array [
        Object {
          "Assert": Object {
            "Fn::Not": Array [
              Object {
                "Fn::Contains": Array [
                  Array [
                    "1",
                    "2",
                    "3",
                    "4",
                    "5",
                  ],
                  Object {
                    "Ref": "BootstrapVersion",
                  },
                ],
              },
            ],
          },
          "AssertDescription": "CDK bootstrap stack version 6 required. Please run 'cdk bootstrap' with a recent version of the CDK CLI.",
        },
      ],
    },
  },
}
`;
